Archive member included to satisfy reference by file (symbol)

c:/program files (x86)/atmel/studio/7.0/toolchain/avr8/avr8-gnu-toolchain/bin/../lib/gcc/avr/4.9.2/../../../../avr/lib/avrxmega2\libm.a(addsf3.o)
                              src/main.o (__subsf3)
c:/program files (x86)/atmel/studio/7.0/toolchain/avr8/avr8-gnu-toolchain/bin/../lib/gcc/avr/4.9.2/../../../../avr/lib/avrxmega2\libm.a(addsf3x.o)
                              c:/program files (x86)/atmel/studio/7.0/toolchain/avr8/avr8-gnu-toolchain/bin/../lib/gcc/avr/4.9.2/../../../../avr/lib/avrxmega2\libm.a(addsf3.o) (__addsf3x)
c:/program files (x86)/atmel/studio/7.0/toolchain/avr8/avr8-gnu-toolchain/bin/../lib/gcc/avr/4.9.2/../../../../avr/lib/avrxmega2\libm.a(divsf3.o)
                              src/time_timer.o (__divsf3)
c:/program files (x86)/atmel/studio/7.0/toolchain/avr8/avr8-gnu-toolchain/bin/../lib/gcc/avr/4.9.2/../../../../avr/lib/avrxmega2\libm.a(divsf3x.o)
                              c:/program files (x86)/atmel/studio/7.0/toolchain/avr8/avr8-gnu-toolchain/bin/../lib/gcc/avr/4.9.2/../../../../avr/lib/avrxmega2\libm.a(divsf3.o) (__divsf3x)
c:/program files (x86)/atmel/studio/7.0/toolchain/avr8/avr8-gnu-toolchain/bin/../lib/gcc/avr/4.9.2/../../../../avr/lib/avrxmega2\libm.a(fixunssfsi.o)
                              src/time_timer.o (__fixunssfsi)
c:/program files (x86)/atmel/studio/7.0/toolchain/avr8/avr8-gnu-toolchain/bin/../lib/gcc/avr/4.9.2/../../../../avr/lib/avrxmega2\libm.a(floatsisf.o)
                              src/main.o (__floatunsisf)
c:/program files (x86)/atmel/studio/7.0/toolchain/avr8/avr8-gnu-toolchain/bin/../lib/gcc/avr/4.9.2/../../../../avr/lib/avrxmega2\libm.a(fp_inf.o)
                              c:/program files (x86)/atmel/studio/7.0/toolchain/avr8/avr8-gnu-toolchain/bin/../lib/gcc/avr/4.9.2/../../../../avr/lib/avrxmega2\libm.a(addsf3x.o) (__fp_inf)
c:/program files (x86)/atmel/studio/7.0/toolchain/avr8/avr8-gnu-toolchain/bin/../lib/gcc/avr/4.9.2/../../../../avr/lib/avrxmega2\libm.a(fp_nan.o)
                              c:/program files (x86)/atmel/studio/7.0/toolchain/avr8/avr8-gnu-toolchain/bin/../lib/gcc/avr/4.9.2/../../../../avr/lib/avrxmega2\libm.a(addsf3x.o) (__fp_nan)
c:/program files (x86)/atmel/studio/7.0/toolchain/avr8/avr8-gnu-toolchain/bin/../lib/gcc/avr/4.9.2/../../../../avr/lib/avrxmega2\libm.a(fp_pscA.o)
                              c:/program files (x86)/atmel/studio/7.0/toolchain/avr8/avr8-gnu-toolchain/bin/../lib/gcc/avr/4.9.2/../../../../avr/lib/avrxmega2\libm.a(addsf3x.o) (__fp_pscA)
c:/program files (x86)/atmel/studio/7.0/toolchain/avr8/avr8-gnu-toolchain/bin/../lib/gcc/avr/4.9.2/../../../../avr/lib/avrxmega2\libm.a(fp_pscB.o)
                              c:/program files (x86)/atmel/studio/7.0/toolchain/avr8/avr8-gnu-toolchain/bin/../lib/gcc/avr/4.9.2/../../../../avr/lib/avrxmega2\libm.a(addsf3x.o) (__fp_pscB)
c:/program files (x86)/atmel/studio/7.0/toolchain/avr8/avr8-gnu-toolchain/bin/../lib/gcc/avr/4.9.2/../../../../avr/lib/avrxmega2\libm.a(fp_round.o)
                              c:/program files (x86)/atmel/studio/7.0/toolchain/avr8/avr8-gnu-toolchain/bin/../lib/gcc/avr/4.9.2/../../../../avr/lib/avrxmega2\libm.a(addsf3.o) (__fp_round)
c:/program files (x86)/atmel/studio/7.0/toolchain/avr8/avr8-gnu-toolchain/bin/../lib/gcc/avr/4.9.2/../../../../avr/lib/avrxmega2\libm.a(fp_split3.o)
                              c:/program files (x86)/atmel/studio/7.0/toolchain/avr8/avr8-gnu-toolchain/bin/../lib/gcc/avr/4.9.2/../../../../avr/lib/avrxmega2\libm.a(addsf3x.o) (__fp_split3)
c:/program files (x86)/atmel/studio/7.0/toolchain/avr8/avr8-gnu-toolchain/bin/../lib/gcc/avr/4.9.2/../../../../avr/lib/avrxmega2\libm.a(fp_zero.o)
                              c:/program files (x86)/atmel/studio/7.0/toolchain/avr8/avr8-gnu-toolchain/bin/../lib/gcc/avr/4.9.2/../../../../avr/lib/avrxmega2\libm.a(addsf3x.o) (__fp_zero)
c:/program files (x86)/atmel/studio/7.0/toolchain/avr8/avr8-gnu-toolchain/bin/../lib/gcc/avr/4.9.2/../../../../avr/lib/avrxmega2\libm.a(gesf2.o)
                              src/main.o (__gtsf2)
c:/program files (x86)/atmel/studio/7.0/toolchain/avr8/avr8-gnu-toolchain/bin/../lib/gcc/avr/4.9.2/../../../../avr/lib/avrxmega2\libm.a(mulsf3.o)
                              src/time_timer.o (__mulsf3)
c:/program files (x86)/atmel/studio/7.0/toolchain/avr8/avr8-gnu-toolchain/bin/../lib/gcc/avr/4.9.2/../../../../avr/lib/avrxmega2\libm.a(mulsf3x.o)
                              c:/program files (x86)/atmel/studio/7.0/toolchain/avr8/avr8-gnu-toolchain/bin/../lib/gcc/avr/4.9.2/../../../../avr/lib/avrxmega2\libm.a(mulsf3.o) (__mulsf3x)
c:/program files (x86)/atmel/studio/7.0/toolchain/avr8/avr8-gnu-toolchain/bin/../lib/gcc/avr/4.9.2/../../../../avr/lib/avrxmega2\libm.a(fp_cmp.o)
[...]
Memory Configuration

Name             Origin             Length             Attributes
text             0x00000000         0x00100000         xr
data             0x00802000         0x0000ffa0         rw !x
eeprom           0x00810000         0x00010000         rw !x
fuse             0x00820000         0x00000400         rw !x
lock             0x00830000         0x00000400         rw !x
signature        0x00840000         0x00000400         rw !x
user_signatures  0x00850000         0x00000400         rw !x
*default*        0x00000000         0xffffffff

Linker script and memory map

LOAD C:/Program Files (x86)/Atmel/Studio/7.0/Packs/atmel/XMEGAA_DFP/1.0.39/gcc/dev/atxmega32a4u/avrxmega2/crtatxmega32a4u.o
LOAD src/ASF/xmega/services/pwm/pwm.o
LOAD src/time_timer.o
LOAD src/ASF/common/boards/user_board/init.o
LOAD src/ASF/common/services/clock/xmega/sysclk.o
LOAD src/ASF/common/services/ioport/xmega/ioport_compat.o
LOAD src/ASF/common/services/sleepmgr/xmega/sleepmgr.o
LOAD src/ASF/xmega/drivers/adc/adc.o
LOAD src/ASF/xmega/drivers/adc/xmega_aau/adc_aau.o
LOAD src/ASF/xmega/drivers/cpu/ccp.o
LOAD src/ASF/xmega/drivers/dac/dac.o
LOAD src/ASF/xmega/drivers/nvm/nvm.o
LOAD src/ASF/xmega/drivers/nvm/nvm_asm.o
LOAD src/ASF/xmega/drivers/tc/tc.o
LOAD src/ASF/xmega/drivers/usart/usart.o
LOAD src/main.o
START GROUP
LOAD c:/program files (x86)/atmel/studio/7.0/toolchain/avr8/avr8-gnu-toolchain/bin/../lib/gcc/avr/4.9.2/../../../../avr/lib/avrxmega2\libm.a
END GROUP
START GROUP
LOAD c:/program files (x86)/atmel/studio/7.0/toolchain/avr8/avr8-gnu-toolchain/bin/../lib/gcc/avr/4.9.2/avrxmega2\libgcc.a
LOAD c:/program files (x86)/atmel/studio/7.0/toolchain/avr8/avr8-gnu-toolchain/bin/../lib/gcc/avr/4.9.2/../../../../avr/lib/avrxmega2\libm.a
LOAD c:/program files (x86)/atmel/studio/7.0/toolchain/avr8/avr8-gnu-toolchain/bin/../lib/gcc/avr/4.9.2/../../../../avr/lib/avrxmega2\libc.a
LOAD C:/Program Files (x86)/Atmel/Studio/7.0/Packs/atmel/XMEGAA_DFP/1.0.39/gcc/dev/atxmega32a4u/avrxmega2\libatxmega32a4u.a
END GROUP
                0x00100000                __TEXT_REGION_LENGTH__ = DEFINED (__TEXT_REGION_LENGTH__)?__TEXT_REGION_LENGTH__:0x100000
                0x0000ffa0                __DATA_REGION_LENGTH__ = DEFINED (__DATA_REGION_LENGTH__)?__DATA_REGION_LENGTH__:0xffa0
                0x00010000                __EEPROM_REGION_LENGTH__ = DEFINED (__EEPROM_REGION_LENGTH__)?__EEPROM_REGION_LENGTH__:0x10000
                0x00000400                __FUSE_REGION_LENGTH__ = DEFINED (__FUSE_REGION_LENGTH__)?__FUSE_REGION_LENGTH__:0x400
                0x00000400                __LOCK_REGION_LENGTH__ = DEFINED (__LOCK_REGION_LENGTH__)?__LOCK_REGION_LENGTH__:0x400
                0x00000400                __SIGNATURE_REGION_LENGTH__ = DEFINED (__SIGNATURE_REGION_LENGTH__)?__SIGNATURE_REGION_LENGTH__:0x400
                0x00000400                __USER_SIGNATURE_REGION_LENGTH__ = DEFINED (__USER_SIGNATURE_REGION_LENGTH__)?__USER_SIGNATURE_REGION_LENGTH__:0x400

.hash
 *(.hash)

.dynsym
 *(.dynsym)

.dynstr
 *(.dynstr)

.gnu.version
 *(.gnu.version)

.gnu.version_d
 *(.gnu.version_d)

.gnu.version_r
 *(.gnu.version_r)

.rel.init
 *(.rel.init)

.rela.init
 *(.rela.init)

.rel.text
 *(.rel.text)
 *(.rel.text.*)
 *(.rel.gnu.linkonce.t*)

.rela.text
 *(.rela.text)
 *(.rela.text.*)
 *(.rela.gnu.linkonce.t*)

.rel.fini
 *(.rel.fini)

.rela.fini
 *(.rela.fini)

.rel.rodata
 *(.rel.rodata)
 *(.rel.rodata.*)
 *(.rel.gnu.linkonce.r*)

.rela.rodata
 *(.rela.rodata)
 *(.rela.rodata.*)
 *(.rela.gnu.linkonce.r*)

.rel.data
 *(.rel.data)
 *(.rel.data.*)
 *(.rel.gnu.linkonce.d*)

.rela.data
 *(.rela.data)
 *(.rela.data.*)
 *(.rela.gnu.linkonce.d*)

.rel.ctors
 *(.rel.ctors)

.rela.ctors
 *(.rela.ctors)

.rel.dtors
 *(.rel.dtors)

.rela.dtors
 *(.rela.dtors)

.rel.got
 *(.rel.got)

.rela.got
 *(.rela.got)

.rel.bss
 *(.rel.bss)

.rela.bss
 *(.rela.bss)

.rel.plt
 *(.rel.plt)

.rela.plt
 *(.rela.plt)

.text           0x00000000     0x2940
 *(.vectors)
 .vectors       0x00000000      0x1fc C:/Program Files (x86)/Atmel/Studio/7.0/Packs/atmel/XMEGAA_DFP/1.0.39/gcc/dev/atxmega32a4u/avrxmega2/crtatxmega32a4u.o
                0x00000000                __vector_default
                0x00000000                __vectors
 *(.vectors)
 *(.progmem.gcc*)
                0x000001fc                . = ALIGN (0x2)
                0x000001fc                __trampolines_start = .
 *(.trampolines)
 .trampolines   0x000001fc        0x0 linker stubs
 *(.trampolines*)
                0x000001fc                __trampolines_end = .
 *libprintf_flt.a:*(.progmem.data)
 *libc.a:*(.progmem.data)
 *(.progmem*)
                0x000001fc                . = ALIGN (0x2)
 *(.jumptables)
 *(.jumptables*)
 *(.lowtext)
 *(.lowtext*)
                0x000001fc                __ctors_start = .
 *(.ctors)
                0x000001fc                __ctors_end = .
                0x000001fc                __dtors_start = .
 *(.dtors)
                0x000001fc                __dtors_end = .
 SORT(*)(.ctors)
 SORT(*)(.dtors)
 *(.init0)
 .init0         0x000001fc        0x0 C:/Program Files (x86)/Atmel/Studio/7.0/Packs/atmel/XMEGAA_DFP/1.0.39/gcc/dev/atxmega32a4u/avrxmega2/crtatxmega32a4u.o
                0x000001fc                __init
 *(.init0)
 *(.init1)
 *(.init1)
 *(.init2)
 .init2         0x000001fc        0xc C:/Program Files (x86)/Atmel/Studio/7.0/Packs/atmel/XMEGAA_DFP/1.0.39/gcc/dev/atxmega32a4u/avrxmega2/crtatxmega32a4u.o
 *(.init2)
 *(.init3)
 *(.init3)
 *(.init4)
 .init4         0x00000208       0x16 c:/program files (x86)/atmel/studio/7.0/toolchain/avr8/avr8-gnu-toolchain/bin/../lib/gcc/avr/4.9.2/avrxmega2\libgcc.a(_copy_data.o)
                0x00000208                __do_copy_data
 .init4         0x0000021e       0x10 c:/program files (x86)/atmel/studio/7.0/toolchain/avr8/avr8-gnu-toolchain/bin/../lib/gcc/avr/4.9.2/avrxmega2\libgcc.a(_clear_bss.o)
                0x0000021e                __do_clear_bss
 *(.init4)
 *(.init5)
 *(.init5)
 *(.init6)
 *(.init6)
 *(.init7)
 *(.init7)
 *(.init8)
 *(.init8)
 *(.init9)
 .init9         0x0000022e        0x8 C:/Program Files (x86)/Atmel/Studio/7.0/Packs/atmel/XMEGAA_DFP/1.0.39/gcc/dev/atxmega32a4u/avrxmega2/crtatxmega32a4u.o
 *(.init9)
 *(.text)
 .text          0x00000236        0x2 C:/Program Files (x86)/Atmel/Studio/7.0/Packs/atmel/XMEGAA_DFP/1.0.39/gcc/dev/atxmega32a4u/avrxmega2/crtatxmega32a4u.o
                0x00000236                __vector_38
                0x00000236                __vector_104
                0x00000236                __vector_63
                0x00000236                __vector_28
                0x00000236                __vector_67
                0x00000236                __vector_1
                0x00000236                __vector_119
                0x00000236                __vector_32
                0x00000236                __vector_75
                0x00000236                __vector_91
                0x00000236                __vector_34
                0x00000236                __vector_62
                0x00000236                __vector_102
                0x00000236                __vector_24
                0x00000236                __vector_12
                0x00000236                __vector_55
                0x00000236                __vector_69
                0x00000236                __vector_90
                0x00000236                __vector_46
                0x00000236                __bad_interrupt
                0x00000236                __vector_122
                0x00000236                __vector_114
                0x00000236                __vector_6
                0x00000236                __vector_110
                0x00000236                __vector_31
                0x00000236                __vector_92
                0x00000236                __vector_35
                0x00000236                __vector_117
                0x00000236                __vector_39
                0x00000236                __vector_107
                0x00000236                __vector_3
                0x00000236                __vector_105
                0x00000236                __vector_98
                0x00000236                __vector_68
                0x00000236                __vector_30
                0x00000236                __vector_45
                0x00000236                __vector_25
                0x00000236                __vector_93
                0x00000236                __vector_61
                0x00000236                __vector_11
                0x00000236                __vector_54
                0x00000236                __vector_99
                0x00000236                __vector_13
                0x00000236                __vector_56
                0x00000236                __vector_7
                0x00000236                __vector_125
                0x00000236                __vector_123
                0x00000236                __vector_41
                0x00000236                __vector_100
                0x00000236                __vector_101
                0x00000236                __vector_64
                0x00000236                __vector_109
                0x00000236                __vector_43
                0x00000236                __vector_27
                0x00000236                __vector_5
                0x00000236                __vector_113
                0x00000236                __vector_33
                0x00000236                __vector_76
                0x00000236                __vector_115
                0x00000236                __vector_37
                0x00000236                __vector_95
                0x00000236                __vector_103
                0x00000236                __vector_96
                0x00000236                __vector_89
                0x00000236                __vector_108
                0x00000236                __vector_4
                0x00000236                __vector_44
                0x00000236                __vector_106
                0x00000236                __vector_118
                0x00000236                __vector_9
                0x00000236                __vector_2
                0x00000236                __vector_66
                0x00000236                __vector_36
                0x00000236                __vector_58
                0x00000236                __vector_70
                0x00000236                __vector_29
                0x00000236                __vector_60
                0x00000236                __vector_121
                0x00000236                __vector_40
                0x00000236                __vector_94
                0x00000236                __vector_126
                0x00000236                __vector_8
                0x00000236                __vector_26
                0x00000236                __vector_124
                0x00000236                __vector_116
                0x00000236                __vector_112
                0x00000236                __vector_111
                0x00000236                __vector_57
                0x00000236                __vector_53
                0x00000236                __vector_10
                0x00000236                __vector_59
                0x00000236                __vector_97
                0x00000236                __vector_42
                0x00000236                __vector_87
                0x00000236                __vector_65
                0x00000236                __vector_120
                0x00000238                . = ALIGN (0x2)
 *(.text.*)
 .text.pwm_set_frequency
                0x00000238       0xd8 src/ASF/xmega/services/pwm/pwm.o
                0x00000238                pwm_set_frequency
 .text.pwm_init
                0x00000310      0x15a src/ASF/xmega/services/pwm/pwm.o
                0x00000310                pwm_init
 .text.pwm_start
                0x0000046a       0xa4 src/ASF/xmega/services/pwm/pwm.o
                0x0000046a                pwm_start
 .text.time_input_timer
                0x0000050e      0x1ac src/time_timer.o
                0x0000050e                time_input_timer
 .text.board_init
                0x000006ba        0x2 src/ASF/common/boards/user_board/init.o
                0x000006ba                board_init
 .text.sysclk_init
                0x000006bc       0x78 src/ASF/common/services/clock/xmega/sysclk.o
                0x000006bc                sysclk_init
 .text.sysclk_enable_module
                0x00000734       0x18 src/ASF/common/services/clock/xmega/sysclk.o
                0x00000734                sysclk_enable_module
 .text.sysclk_disable_module
                0x0000074c       0x16 src/ASF/common/services/clock/xmega/sysclk.o
                0x0000074c                sysclk_disable_module
 .text.adc_enable_clock
                0x00000762       0x1e src/ASF/xmega/drivers/adc/adc.o
                0x00000762                adc_enable_clock
 .text.adc_disable_clock
                0x00000780       0x1c src/ASF/xmega/drivers/adc/adc.o
                0x00000780                adc_disable_clock
 .text.adc_enable
                0x0000079c       0x38 src/ASF/xmega/drivers/adc/adc.o
                0x0000079c                adc_enable
 .text.__vector_71
                0x000007d4       0x5c src/ASF/xmega/drivers/adc/xmega_aau/adc_aau.o
                0x000007d4                __vector_71
 .text.__vector_72
                0x00000830       0x5c src/ASF/xmega/drivers/adc/xmega_aau/adc_aau.o
                0x00000830                __vector_72
 .text.__vector_73
                0x0000088c       0x5c src/ASF/xmega/drivers/adc/xmega_aau/adc_aau.o
                0x0000088c                __vector_73
 .text.__vector_74
                0x000008e8       0x5c src/ASF/xmega/drivers/adc/xmega_aau/adc_aau.o
                0x000008e8                __vector_74
 .text.adc_write_configuration
                0x00000944       0x80 src/ASF/xmega/drivers/adc/xmega_aau/adc_aau.o
                0x00000944                adc_write_configuration
 .text.adc_read_configuration
                0x000009c4       0x46 src/ASF/xmega/drivers/adc/xmega_aau/adc_aau.o
                0x000009c4                adc_read_configuration
 .text.adcch_write_configuration
                0x00000a0a       0x72 src/ASF/xmega/drivers/adc/xmega_aau/adc_aau.o
                0x00000a0a                adcch_write_configuration
 .text.adcch_read_configuration
                0x00000a7c       0x74 src/ASF/xmega/drivers/adc/xmega_aau/adc_aau.o
                0x00000a7c                adcch_read_configuration
 .text.ccp_write_io
                0x00000af0        0xc src/ASF/xmega/drivers/cpu/ccp.o
                0x00000af0                ccp_write_io
 .text.nvm_read_byte
                0x00000afc       0x14 src/ASF/xmega/drivers/nvm/nvm_asm.o
                0x00000afc                nvm_read_byte
 .text.__vector_14
                0x00000b10       0x52 src/ASF/xmega/drivers/tc/tc.o
                0x00000b10                __vector_14
 .text.__vector_15
                0x00000b62       0x52 src/ASF/xmega/drivers/tc/tc.o
                0x00000b62                __vector_15
 .text.__vector_16
                0x00000bb4       0x52 src/ASF/xmega/drivers/tc/tc.o
                0x00000bb4                __vector_16
 .text.__vector_17
                0x00000c06       0x52 src/ASF/xmega/drivers/tc/tc.o
                0x00000c06                __vector_17
 .text.__vector_18
                0x00000c58       0x52 src/ASF/xmega/drivers/tc/tc.o
                0x00000c58                __vector_18
 .text.__vector_19
                0x00000caa       0x52 src/ASF/xmega/drivers/tc/tc.o
                0x00000caa                __vector_19
 .text.__vector_20
                0x00000cfc       0x52 src/ASF/xmega/drivers/tc/tc.o
                0x00000cfc                __vector_20
 .text.__vector_21
                0x00000d4e       0x52 src/ASF/xmega/drivers/tc/tc.o
                0x00000d4e                __vector_21
 .text.__vector_22
                0x00000da0       0x52 src/ASF/xmega/drivers/tc/tc.o
                0x00000da0                __vector_22
 .text.__vector_23
                0x00000df2       0x52 src/ASF/xmega/drivers/tc/tc.o
                0x00000df2                __vector_23
 .text.__vector_77
                0x00000e44       0x52 src/ASF/xmega/drivers/tc/tc.o
                0x00000e44                __vector_77
 .text.__vector_78
                0x00000e96       0x52 src/ASF/xmega/drivers/tc/tc.o
                0x00000e96                __vector_78
 .text.__vector_79
                0x00000ee8       0x52 src/ASF/xmega/drivers/tc/tc.o
                0x00000ee8                __vector_79
 .text.__vector_80
                0x00000f3a       0x52 src/ASF/xmega/drivers/tc/tc.o
                0x00000f3a                __vector_80
 .text.__vector_81
                0x00000f8c       0x52 src/ASF/xmega/drivers/tc/tc.o
                0x00000f8c                __vector_81
 .text.__vector_82
                0x00000fde       0x52 src/ASF/xmega/drivers/tc/tc.o
                0x00000fde                __vector_82
 .text.__vector_83
                0x00001030       0x52 src/ASF/xmega/drivers/tc/tc.o
                0x00001030                __vector_83
 .text.__vector_84
                0x00001082       0x52 src/ASF/xmega/drivers/tc/tc.o
                0x00001082                __vector_84
 .text.__vector_85
                0x000010d4       0x52 src/ASF/xmega/drivers/tc/tc.o
                0x000010d4                __vector_85
 .text.__vector_86
                0x00001126       0x52 src/ASF/xmega/drivers/tc/tc.o
                0x00001126                __vector_86
 .text.__vector_47
                0x00001178       0x52 src/ASF/xmega/drivers/tc/tc.o
                0x00001178                __vector_47
 .text.__vector_48
                0x000011ca       0x52 src/ASF/xmega/drivers/tc/tc.o
                0x000011ca                __vector_48
 .text.__vector_49
                0x0000121c       0x52 src/ASF/xmega/drivers/tc/tc.o
                0x0000121c                __vector_49
 .text.__vector_50
                0x0000126e       0x52 src/ASF/xmega/drivers/tc/tc.o
                0x0000126e                __vector_50
 .text.__vector_51
                0x000012c0       0x52 src/ASF/xmega/drivers/tc/tc.o
                0x000012c0                __vector_51
 .text.__vector_52
                0x00001312       0x52 src/ASF/xmega/drivers/tc/tc.o
                0x00001312                __vector_52
 .text.tc_enable
                0x00001364       0x9a src/ASF/xmega/drivers/tc/tc.o
                0x00001364                tc_enable
 .text.tc_set_overflow_interrupt_callback
                0x000013fe       0x58 src/ASF/xmega/drivers/tc/tc.o
                0x000013fe                tc_set_overflow_interrupt_callback
 .text.usart_putchar
                0x00001456       0x10 src/ASF/xmega/drivers/usart/usart.o
                0x00001456                usart_putchar
 .text.usart_getchar
                0x00001466        0xc src/ASF/xmega/drivers/usart/usart.o
                0x00001466                usart_getchar
 .text.usart_set_baudrate
                0x00001472      0x214 src/ASF/xmega/drivers/usart/usart.o
                0x00001472                usart_set_baudrate
 .text.usart_init_rs232
                0x00001686      0x1f4 src/ASF/xmega/drivers/usart/usart.o
                0x00001686                usart_init_rs232
 .text.cpu_irq_save
                0x0000187a       0x20 src/main.o
 .text.cpu_irq_restore
                0x0000189a       0x1e src/main.o
 .text.osc_get_rate
                0x000018b8       0x52 src/main.o
 .text.pll_get_default_rate_priv
                0x0000190a       0xa2 src/main.o
 .text.sysclk_get_main_hz
                0x000019ac       0x22 src/main.o
 .text.sysclk_get_per4_hz
                0x000019ce       0x32 src/main.o
 .text.sysclk_get_per2_hz
                0x00001a00       0x18 src/main.o
 .text.sysclk_get_per_hz
                0x00001a18       0x18 src/main.o
 .text.adc_start_conversion
                0x00001a30       0x4a src/main.o
 .text.adc_get_interrupt_flag
                0x00001a7a       0x2a src/main.o
 .text.adc_clear_interrupt_flag
                0x00001aa4       0x28 src/main.o
 .text.adc_wait_for_interrupt_flag
                0x00001acc       0x36 src/main.o
 .text.adc_set_clock_rate
                0x00001b02       0xc6 src/main.o
 .text.adc_set_conversion_parameters
                0x00001bc8       0x7c src/main.o
 .text.adcch_get_gain_setting
                0x00001c44       0x8a src/main.o
 .text.adcch_set_input
                0x00001cce      0x156 src/main.o
 .text.pmic_init
                0x00001e24       0x18 src/main.o
 .text.main     0x00001e3c       0x6c src/main.o
                0x00001e3c                main
 .text.TemperatureSending
                0x00001ea8      0x2ec src/main.o
                0x00001ea8                TemperatureSending
 .text.__vector_88
                0x00002194       0x5e src/main.o
                0x00002194                __vector_88
 .text.uart_init
                0x000021f2       0x34 src/main.o
                0x000021f2                uart_init
 .text.adc_init
                0x00002226       0x86 src/main.o
 .text.my_cca_callback
                0x000022ac      0x11c src/main.o
 .text.avr-libc.fplib
                0x000023c8        0xa c:/program files (x86)/atmel/studio/7.0/toolchain/avr8/avr8-gnu-toolchain/bin/../lib/gcc/avr/4.9.2/../../../../avr/lib/avrxmega2\libm.a(addsf3.o)
                0x000023c8                __subsf3
                0x000023ca                __addsf3
 .text.avr-libc.fplib
                0x000023d2       0xc0 c:/program files (x86)/atmel/studio/7.0/toolchain/avr8/avr8-gnu-toolchain/bin/../lib/gcc/avr/4.9.2/../../../../avr/lib/avrxmega2\libm.a(addsf3x.o)
                0x000023ec                __addsf3x
 .text.avr-libc.fplib
                0x00002492        0x4 c:/program files (x86)/atmel/studio/7.0/toolchain/avr8/avr8-gnu-toolchain/bin/../lib/gcc/avr/4.9.2/../../../../avr/lib/avrxmega2\libm.a(divsf3.o)
                0x00002492                __divsf3
 .text.avr-libc.fplib
                0x00002496       0xcc c:/program files (x86)/atmel/studio/7.0/toolchain/avr8/avr8-gnu-toolchain/bin/../lib/gcc/avr/4.9.2/../../../../avr/lib/avrxmega2\libm.a(divsf3x.o)
                0x000024ac                __divsf3x
                0x000024b0                __divsf3_pse
 .text.avr-libc.fplib
                0x00002562       0x58 c:/program files (x86)/atmel/studio/7.0/toolchain/avr8/avr8-gnu-toolchain/bin/../lib/gcc/avr/4.9.2/../../../../avr/lib/avrxmega2\libm.a(fixunssfsi.o)
                0x00002562                __fixunssfsi
 .text.avr-libc.fplib
                0x000025ba       0x7a c:/program files (x86)/atmel/studio/7.0/toolchain/avr8/avr8-gnu-toolchain/bin/../lib/gcc/avr/4.9.2/../../../../avr/lib/avrxmega2\libm.a(floatsisf.o)
                0x000025ba                __floatunsisf
                0x000025be                __floatsisf
 .text.avr-libc.fplib
                0x00002634        0xc c:/program files (x86)/atmel/studio/7.0/toolchain/avr8/avr8-gnu-toolchain/bin/../lib/gcc/avr/4.9.2/../../../../avr/lib/avrxmega2\libm.a(fp_inf.o)
                0x00002634                __fp_inf
 .text.avr-libc.fplib
                0x00002640        0x6 c:/program files (x86)/atmel/studio/7.0/toolchain/avr8/avr8-gnu-toolchain/bin/../lib/gcc/avr/4.9.2/../../../../avr/lib/avrxmega2\libm.a(fp_nan.o)
                0x00002640                __fp_nan
 .text.avr-libc.fplib
                0x00002646        0xe c:/program files (x86)/atmel/studio/7.0/toolchain/avr8/avr8-gnu-toolchain/bin/../lib/gcc/avr/4.9.2/../../../../avr/lib/avrxmega2\libm.a(fp_pscA.o)
                0x00002646                __fp_pscA
 .text.avr-libc.fplib
                0x00002654        0xe c:/program files (x86)/atmel/studio/7.0/toolchain/avr8/avr8-gnu-toolchain/bin/../lib/gcc/avr/4.9.2/../../../../avr/lib/avrxmega2\libm.a(fp_pscB.o)
                0x00002654                __fp_pscB
 .text.avr-libc.fplib
                0x00002662       0x22 c:/program files (x86)/atmel/studio/7.0/toolchain/avr8/avr8-gnu-toolchain/bin/../lib/gcc/avr/4.9.2/../../../../avr/lib/avrxmega2\libm.a(fp_round.o)
                0x00002662                __fp_round
 .text.avr-libc.fplib
                0x00002684       0x44 c:/program files (x86)/atmel/studio/7.0/toolchain/avr8/avr8-gnu-toolchain/bin/../lib/gcc/avr/4.9.2/../../../../avr/lib/avrxmega2\libm.a(fp_split3.o)
                0x00002684                __fp_split3
                0x00002694                __fp_splitA
 .text.avr-libc.fplib
                0x000026c8        0xe c:/program files (x86)/atmel/studio/7.0/toolchain/avr8/avr8-gnu-toolchain/bin/../lib/gcc/avr/4.9.2/../../../../avr/lib/avrxmega2\libm.a(fp_zero.o)
                0x000026c8                __fp_zero
                0x000026ca                __fp_szero
 .text.avr-libc.fplib
                0x000026d6        0x8 c:/program files (x86)/atmel/studio/7.0/toolchain/avr8/avr8-gnu-toolchain/bin/../lib/gcc/avr/4.9.2/../../../../avr/lib/avrxmega2\libm.a(gesf2.o)
                0x000026d6                __gesf2
                0x000026d6                __gtsf2
 .text.avr-libc.fplib
                0x000026de        0x4 c:/program files (x86)/atmel/studio/7.0/toolchain/avr8/avr8-gnu-toolchain/bin/../lib/gcc/avr/4.9.2/../../../../avr/lib/avrxmega2\libm.a(mulsf3.o)
                0x000026de                __mulsf3
 .text.avr-libc.fplib
                0x000026e2       0xc2 c:/program files (x86)/atmel/studio/7.0/toolchain/avr8/avr8-gnu-toolchain/bin/../lib/gcc/avr/4.9.2/../../../../avr/lib/avrxmega2\libm.a(mulsf3x.o)
                0x000026f6                __mulsf3x
                0x000026fa                __mulsf3_pse
 .text.avr-libc.fplib
                0x000027a4       0x48 c:/program files (x86)/atmel/studio/7.0/toolchain/avr8/avr8-gnu-toolchain/bin/../lib/gcc/avr/4.9.2/../../../../avr/lib/avrxmega2\libm.a(fp_cmp.o)
                0x000027a4                __fp_cmp
 .text.libgcc.mul
                0x000027ec       0x1e c:/program files (x86)/atmel/studio/7.0/toolchain/avr8/avr8-gnu-toolchain/bin/../lib/gcc/avr/4.9.2/avrxmega2\libgcc.a(_mulsi3.o)
                0x000027ec                __mulsi3
 .text.libgcc.div
                0x0000280a       0x44 c:/program files (x86)/atmel/studio/7.0/toolchain/avr8/avr8-gnu-toolchain/bin/../lib/gcc/avr/4.9.2/avrxmega2\libgcc.a(_udivmodsi4.o)
                0x0000280a                __udivmodsi4
 .text.libgcc.mul
                0x0000284e       0x1e c:/program files (x86)/atmel/studio/7.0/toolchain/avr8/avr8-gnu-toolchain/bin/../lib/gcc/avr/4.9.2/avrxmega2\libgcc.a(_umulhisi3.o)
                0x0000284e                __umulhisi3
 .text.libgcc.mul
                0x0000286c       0x14 c:/program files (x86)/atmel/studio/7.0/toolchain/avr8/avr8-gnu-toolchain/bin/../lib/gcc/avr/4.9.2/avrxmega2\libgcc.a(_muluhisi3.o)
                0x0000286c                __muluhisi3
 .text.avr-libc
                0x00002880       0x14 c:/program files (x86)/atmel/studio/7.0/toolchain/avr8/avr8-gnu-toolchain/bin/../lib/gcc/avr/4.9.2/../../../../avr/lib/avrxmega2\libc.a(ultoa.o)
                0x00002880                ultoa
                0x00002880                __ultoa
 .text.avr-libc
                0x00002894       0x42 c:/program files (x86)/atmel/studio/7.0/toolchain/avr8/avr8-gnu-toolchain/bin/../lib/gcc/avr/4.9.2/../../../../avr/lib/avrxmega2\libc.a(ultoa_ncheck.o)
                0x00002894                __ultoa_ncheck
                0x00002896                __ultoa_common
 .text.avr-libc
                0x000028d6       0x14 c:/program files (x86)/atmel/studio/7.0/toolchain/avr8/avr8-gnu-toolchain/bin/../lib/gcc/avr/4.9.2/../../../../avr/lib/avrxmega2\libc.a(utoa.o)
                0x000028d6                __utoa
                0x000028d6                utoa
 .text.avr-libc
                0x000028ea       0x32 c:/program files (x86)/atmel/studio/7.0/toolchain/avr8/avr8-gnu-toolchain/bin/../lib/gcc/avr/4.9.2/../../../../avr/lib/avrxmega2\libc.a(utoa_ncheck.o)
                0x000028ea                __utoa_ncheck
                0x000028ec                __utoa_common
 .text.avr-libc
                0x0000291c       0x20 c:/program files (x86)/atmel/studio/7.0/toolchain/avr8/avr8-gnu-toolchain/bin/../lib/gcc/avr/4.9.2/../../../../avr/lib/avrxmega2\libc.a(strrev.o)
                0x0000291c                strrev
                0x0000293c                . = ALIGN (0x2)
 *(.fini9)
 .fini9         0x0000293c        0x0 c:/program files (x86)/atmel/studio/7.0/toolchain/avr8/avr8-gnu-toolchain/bin/../lib/gcc/avr/4.9.2/avrxmega2\libgcc.a(_exit.o)
                0x0000293c                _exit
                0x0000293c                exit
 *(.fini9)
 *(.fini8)
 *(.fini8)
 *(.fini7)
 *(.fini7)
 *(.fini6)
 *(.fini6)
 *(.fini5)
 *(.fini5)
 *(.fini4)
 *(.fini4)
 *(.fini3)
 *(.fini3)
 *(.fini2)
 *(.fini2)
 *(.fini1)
 *(.fini1)
 *(.fini0)
 .fini0         0x0000293c        0x4 c:/program files (x86)/atmel/studio/7.0/toolchain/avr8/avr8-gnu-toolchain/bin/../lib/gcc/avr/4.9.2/avrxmega2\libgcc.a(_exit.o)
 *(.fini0)
                0x00002940                _etext = .

.data           0x00802000        0x8 load address 0x00002940
                0x00802000                PROVIDE (__data_start, .)
 *(.data)
 *(.data*)
 .data.USART_SERIAL_OPTIONS
                0x00802000        0x7 src/main.o
 *(.rodata)
 *(.rodata*)
 *(.gnu.linkonce.d*)
                0x00802008                . = ALIGN (0x2)
 *fill*         0x00802007        0x1 
                0x00802008                _edata = .
                0x00802008                PROVIDE (__data_end, .)

.bss            0x00802008       0x41
                0x00802008                PROVIDE (__bss_start, .)
 *(.bss)
 *(.bss*)
 .bss.adca_enable_count
                0x00802008        0x1 src/ASF/xmega/drivers/adc/adc.o
 .bss.tc_tce0_ccd_callback
                0x00802009        0x2 src/ASF/xmega/drivers/tc/tc.o
 .bss.tc_tce0_ccc_callback
                0x0080200b        0x2 src/ASF/xmega/drivers/tc/tc.o
 .bss.tc_tce0_ccb_callback
                0x0080200d        0x2 src/ASF/xmega/drivers/tc/tc.o
 .bss.tc_tce0_cca_callback
                0x0080200f        0x2 src/ASF/xmega/drivers/tc/tc.o
 .bss.tc_tce0_err_callback
                0x00802011        0x2 src/ASF/xmega/drivers/tc/tc.o
 .bss.tc_tce0_ovf_callback
                0x00802013        0x2 src/ASF/xmega/drivers/tc/tc.o
 .bss.tc_tcd1_ccb_callback
                0x00802015        0x2 src/ASF/xmega/drivers/tc/tc.o
 .bss.tc_tcd1_cca_callback
                0x00802017        0x2 src/ASF/xmega/drivers/tc/tc.o
 .bss.tc_tcd1_err_callback
                0x00802019        0x2 src/ASF/xmega/drivers/tc/tc.o
 .bss.tc_tcd1_ovf_callback
                0x0080201b        0x2 src/ASF/xmega/drivers/tc/tc.o
 .bss.tc_tcd0_ccd_callback
                0x0080201d        0x2 src/ASF/xmega/drivers/tc/tc.o
 .bss.tc_tcd0_ccc_callback
                0x0080201f        0x2 src/ASF/xmega/drivers/tc/tc.o
 .bss.tc_tcd0_ccb_callback
                0x00802021        0x2 src/ASF/xmega/drivers/tc/tc.o
 .bss.tc_tcd0_cca_callback
                0x00802023        0x2 src/ASF/xmega/drivers/tc/tc.o
 .bss.tc_tcd0_err_callback
                0x00802025        0x2 src/ASF/xmega/drivers/tc/tc.o
 .bss.tc_tcd0_ovf_callback
                0x00802027        0x2 src/ASF/xmega/drivers/tc/tc.o
 .bss.tc_tcc1_ccb_callback
                0x00802029        0x2 src/ASF/xmega/drivers/tc/tc.o
 .bss.tc_tcc1_cca_callback
                0x0080202b        0x2 src/ASF/xmega/drivers/tc/tc.o
 .bss.tc_tcc1_err_callback
                0x0080202d        0x2 src/ASF/xmega/drivers/tc/tc.o
 .bss.tc_tcc1_ovf_callback
                0x0080202f        0x2 src/ASF/xmega/drivers/tc/tc.o
 .bss.tc_tcc0_ccd_callback
                0x00802031        0x2 src/ASF/xmega/drivers/tc/tc.o
 .bss.tc_tcc0_ccc_callback
                0x00802033        0x2 src/ASF/xmega/drivers/tc/tc.o
 .bss.tc_tcc0_ccb_callback
                0x00802035        0x2 src/ASF/xmega/drivers/tc/tc.o
 .bss.tc_tcc0_cca_callback
                0x00802037        0x2 src/ASF/xmega/drivers/tc/tc.o
 .bss.tc_tcc0_err_callback
                0x00802039        0x2 src/ASF/xmega/drivers/tc/tc.o
 .bss.tc_tcc0_ovf_callback
                0x0080203b        0x2 src/ASF/xmega/drivers/tc/tc.o
 *(COMMON)
 COMMON         0x0080203d        0x6 src/ASF/common/services/sleepmgr/xmega/sleepmgr.o
                0x0080203d                sleepmgr_locks
 COMMON         0x00802043        0x2 src/ASF/xmega/drivers/adc/adc.o
                0x00802043                adca_callback
 COMMON         0x00802045        0x4 src/main.o
                0x00802045                ADC_result
                0x00802047                RXTemp
                0x00802048                PWM_Pow
                0x00802049                PROVIDE (__bss_end, .)
                0x00002940                __data_load_start = LOADADDR (.data)
                0x00002948                __data_load_end = (__data_load_start + SIZEOF (.data))

.noinit         0x00802049        0x0
                [!provide]                PROVIDE (__noinit_start, .)
 *(.noinit*)
                [!provide]                PROVIDE (__noinit_end, .)
                0x00802049                _end = .
                [!provide]                PROVIDE (__heap_start, .)

.eeprom         0x00810000        0x0
 *(.eeprom*)
                0x00810000                __eeprom_end = .

.fuse
 *(.fuse)
 *(.lfuse)
 *(.hfuse)
 *(.efuse)

.lock
 *(.lock*)

.signature
 *(.signature*)

.user_signatures
 *(.user_signatures*)

.stab
 *(.stab)

.stabstr
 *(.stabstr)

.stab.excl
 *(.stab.excl)

.stab.exclstr
 *(.stab.exclstr)

.stab.index
 *(.stab.index)

.stab.indexstr
 *(.stab.indexstr)

.comment        0x00000000       0x60
 *(.comment)
 .comment       0x00000000       0x30 src/ASF/xmega/services/pwm/pwm.o
                                 0x31 (size before relaxing)
 .comment       0x00000030       0x31 src/time_timer.o
 .comment       0x00000030       0x31 src/ASF/common/boards/user_board/init.o
 .comment       0x00000030       0x31 src/ASF/common/services/clock/xmega/sysclk.o
 .comment       0x00000030       0x31 src/ASF/common/services/sleepmgr/xmega/sleepmgr.o
 .comment       0x00000030       0x31 src/ASF/xmega/drivers/adc/adc.o
 .comment       0x00000030       0x31 src/ASF/xmega/drivers/adc/xmega_aau/adc_aau.o
 .comment       0x00000030       0x31 src/ASF/xmega/drivers/tc/tc.o
 .comment       0x00000030       0x31 src/ASF/xmega/drivers/usart/usart.o
 .comment       0x00000030       0x30 src/main.o
                                 0x31 (size before relaxing)

.note.gnu.avr.deviceinfo
                0x00000000       0x40
 .note.gnu.avr.deviceinfo
                0x00000000       0x40 C:/Program Files (x86)/Atmel/Studio/7.0/Packs/atmel/XMEGAA_DFP/1.0.39/gcc/dev/atxmega32a4u/avrxmega2/crtatxmega32a4u.o

.note.gnu.build-id
 *(.note.gnu.build-id)

.debug
 *(.debug)

.line
 *(.line)

.debug_srcinfo
 *(.debug_srcinfo)

.debug_sfnames
 *(.debug_sfnames)

.debug_aranges  0x00000000      0x408
 *(.debug_aranges)
 .debug_aranges
                0x00000000       0x30 src/ASF/xmega/services/pwm/pwm.o
 .debug_aranges
                0x00000030       0x28 src/time_timer.o
 .debug_aranges
                0x00000058       0x20 src/ASF/common/boards/user_board/init.o
 .debug_aranges
                0x00000078       0x40 src/ASF/common/services/clock/xmega/sysclk.o
 .debug_aranges
                0x000000b8       0x18 src/ASF/common/services/sleepmgr/xmega/sleepmgr.o
 .debug_aranges
                0x000000d0       0x48 src/ASF/xmega/drivers/adc/adc.o
 .debug_aranges
                0x00000118       0x58 src/ASF/xmega/drivers/adc/xmega_aau/adc_aau.o
 .debug_aranges
                0x00000170       0x20 src/ASF/xmega/drivers/cpu/ccp.o
 .debug_aranges
                0x00000190       0x28 src/ASF/xmega/drivers/nvm/nvm_asm.o
 .debug_aranges
                0x000001b8      0x128 src/ASF/xmega/drivers/tc/tc.o
 .debug_aranges
                0x000002e0       0x58 src/ASF/xmega/drivers/usart/usart.o
 .debug_aranges
                0x00000338       0xd0 src/main.o

.debug_pubnames
 *(.debug_pubnames)

.debug_info     0x00000000     0xa77b
 *(.debug_info .gnu.linkonce.wi.*)
 .debug_info    0x00000000     0x1405 src/ASF/xmega/services/pwm/pwm.o
 .debug_info    0x00001405      0xbff src/time_timer.o
 .debug_info    0x00002004      0x13a src/ASF/common/boards/user_board/init.o
 .debug_info    0x0000213e      0xb4d src/ASF/common/services/clock/xmega/sysclk.o
 .debug_info    0x00002c8b      0x121 src/ASF/common/services/sleepmgr/xmega/sleepmgr.o
 .debug_info    0x00002dac      0xa5d src/ASF/xmega/drivers/adc/adc.o
 .debug_info    0x00003809      0xd66 src/ASF/xmega/drivers/adc/xmega_aau/adc_aau.o
 .debug_info    0x0000456f       0x8d src/ASF/xmega/drivers/cpu/ccp.o
 .debug_info    0x000045fc       0x8d src/ASF/xmega/drivers/nvm/nvm_asm.o
 .debug_info    0x00004689     0x16e9 src/ASF/xmega/drivers/tc/tc.o
 .debug_info    0x00005d72     0x2e0f src/ASF/xmega/drivers/usart/usart.o
 .debug_info    0x00008b81     0x1bfa src/main.o

.debug_abbrev   0x00000000     0x18dd
 *(.debug_abbrev)
 .debug_abbrev  0x00000000      0x2bc src/ASF/xmega/services/pwm/pwm.o
 .debug_abbrev  0x000002bc      0x24f src/time_timer.o
 .debug_abbrev  0x0000050b       0xa8 src/ASF/common/boards/user_board/init.o
 .debug_abbrev  0x000005b3      0x280 src/ASF/common/services/clock/xmega/sysclk.o
 .debug_abbrev  0x00000833       0x80 src/ASF/common/services/sleepmgr/xmega/sleepmgr.o
 .debug_abbrev  0x000008b3      0x2bb src/ASF/xmega/drivers/adc/adc.o
 .debug_abbrev  0x00000b6e      0x32a src/ASF/xmega/drivers/adc/xmega_aau/adc_aau.o
 .debug_abbrev  0x00000e98       0x14 src/ASF/xmega/drivers/cpu/ccp.o
 .debug_abbrev  0x00000eac       0x12 src/ASF/xmega/drivers/nvm/nvm_asm.o
 .debug_abbrev  0x00000ebe      0x2a7 src/ASF/xmega/drivers/tc/tc.o
 .debug_abbrev  0x00001165      0x3e8 src/ASF/xmega/drivers/usart/usart.o
 .debug_abbrev  0x0000154d      0x390 src/main.o

.debug_line     0x00000000     0x5d16
 *(.debug_line .debug_line.* .debug_line_end)
 .debug_line    0x00000000      0x9b0 src/ASF/xmega/services/pwm/pwm.o
 .debug_line    0x000009b0      0x902 src/time_timer.o
 .debug_line    0x000012b2      0x77c src/ASF/common/boards/user_board/init.o
 .debug_line    0x00001a2e      0x696 src/ASF/common/services/clock/xmega/sysclk.o
 .debug_line    0x000020c4      0x430 src/ASF/common/services/sleepmgr/xmega/sleepmgr.o
 .debug_line    0x000024f4      0x73b src/ASF/xmega/drivers/adc/adc.o
 .debug_line    0x00002c2f      0x8a0 src/ASF/xmega/drivers/adc/xmega_aau/adc_aau.o
 .debug_line    0x000034cf       0x6e src/ASF/xmega/drivers/cpu/ccp.o
 .debug_line    0x0000353d      0x11f src/ASF/xmega/drivers/nvm/nvm_asm.o
 .debug_line    0x0000365c      0xc74 src/ASF/xmega/drivers/tc/tc.o
 .debug_line    0x000042d0      0xba2 src/ASF/xmega/drivers/usart/usart.o
 .debug_line    0x00004e72      0xea4 src/main.o

.debug_frame    0x00000000     0x1270
 *(.debug_frame)
 .debug_frame   0x00000000       0x84 src/ASF/xmega/services/pwm/pwm.o
 .debug_frame   0x00000084       0x6c src/time_timer.o
 .debug_frame   0x000000f0       0x24 src/ASF/common/boards/user_board/init.o
 .debug_frame   0x00000114       0x64 src/ASF/common/services/clock/xmega/sysclk.o
 .debug_frame   0x00000178       0x8c src/ASF/xmega/drivers/adc/adc.o
 .debug_frame   0x00000204      0x244 src/ASF/xmega/drivers/adc/xmega_aau/adc_aau.o
 .debug_frame   0x00000448      0x994 src/ASF/xmega/drivers/tc/tc.o
 .debug_frame   0x00000ddc      0x148 src/ASF/xmega/drivers/usart/usart.o
 .debug_frame   0x00000f24      0x34c src/main.o

.debug_str      0x00000000    0x2a7c4
 *(.debug_str)
 .debug_str     0x00000000    0x27265 src/ASF/xmega/services/pwm/pwm.o
                              0x27a96 (size before relaxing)
 .debug_str     0x00027265      0x112 src/time_timer.o
                              0x275bc (size before relaxing)
 .debug_str     0x00027377       0x36 src/ASF/common/boards/user_board/init.o
                              0x2703e (size before relaxing)
 .debug_str     0x000273ad      0x44c src/ASF/common/services/clock/xmega/sysclk.o
                              0x2632e (size before relaxing)
 .debug_str     0x000277f9       0xb3 src/ASF/common/services/sleepmgr/xmega/sleepmgr.o
                              0x24efe (size before relaxing)
 .debug_str     0x000278ac      0x358 src/ASF/xmega/drivers/adc/adc.o
                              0x26c88 (size before relaxing)
 .debug_str     0x00027c04      0x58a src/ASF/xmega/drivers/adc/xmega_aau/adc_aau.o
                              0x26efd (size before relaxing)
 .debug_str     0x0002818e      0x4f6 src/ASF/xmega/drivers/tc/tc.o
                              0x26b1f (size before relaxing)
 .debug_str     0x00028684      0x977 src/ASF/xmega/drivers/usart/usart.o
                              0x271c8 (size before relaxing)
 .debug_str     0x00028ffb     0x17c9 src/main.o
                              0x2910c (size before relaxing)

.debug_loc      0x00000000     0x4718
 *(.debug_loc)
 .debug_loc     0x00000000      0x646 src/ASF/xmega/services/pwm/pwm.o
 .debug_loc     0x00000646      0x4f8 src/time_timer.o
 .debug_loc     0x00000b3e      0x315 src/ASF/common/services/clock/xmega/sysclk.o
 .debug_loc     0x00000e53      0x196 src/ASF/xmega/drivers/adc/adc.o
 .debug_loc     0x00000fe9      0x9ac src/ASF/xmega/drivers/adc/xmega_aau/adc_aau.o
 .debug_loc     0x00001995     0x16a8 src/ASF/xmega/drivers/tc/tc.o
 .debug_loc     0x0000303d      0xfcf src/ASF/xmega/drivers/usart/usart.o
 .debug_loc     0x0000400c      0x70c src/main.o

.debug_macinfo
 *(.debug_macinfo)

.debug_weaknames
 *(.debug_weaknames)

.debug_funcnames
 *(.debug_funcnames)

.debug_typenames
 *(.debug_typenames)

.debug_varnames
 *(.debug_varnames)

.debug_pubtypes
 *(.debug_pubtypes)

.debug_ranges   0x00000000      0x370
 *(.debug_ranges)
 .debug_ranges  0x00000000       0x20 src/ASF/xmega/services/pwm/pwm.o
 .debug_ranges  0x00000020       0x18 src/time_timer.o
 .debug_ranges  0x00000038       0x10 src/ASF/common/boards/user_board/init.o
 .debug_ranges  0x00000048       0x30 src/ASF/common/services/clock/xmega/sysclk.o
 .debug_ranges  0x00000078       0x38 src/ASF/xmega/drivers/adc/adc.o
 .debug_ranges  0x000000b0       0x48 src/ASF/xmega/drivers/adc/xmega_aau/adc_aau.o
 .debug_ranges  0x000000f8       0x20 src/ASF/xmega/drivers/nvm/nvm_asm.o
 .debug_ranges  0x00000118      0x118 src/ASF/xmega/drivers/tc/tc.o
 .debug_ranges  0x00000230       0x80 src/ASF/xmega/drivers/usart/usart.o
 .debug_ranges  0x000002b0       0xc0 src/main.o

.debug_macro    0x00000000    0x10732
 *(.debug_macro)
 .debug_macro   0x00000000      0x2c5 src/ASF/xmega/services/pwm/pwm.o
 .debug_macro   0x000002c5      0xa3c src/ASF/xmega/services/pwm/pwm.o
 .debug_macro   0x00000d01       0x10 src/ASF/xmega/services/pwm/pwm.o
 .debug_macro   0x00000d11      0x1ad src/ASF/xmega/services/pwm/pwm.o
 .debug_macro   0x00000ebe      0x293 src/ASF/xmega/services/pwm/pwm.o
 .debug_macro   0x00001151       0x9e src/ASF/xmega/services/pwm/pwm.o
 .debug_macro   0x000011ef     0x5486 src/ASF/xmega/services/pwm/pwm.o
 .debug_macro   0x00006675       0x9a src/ASF/xmega/services/pwm/pwm.o
 .debug_macro   0x0000670f       0xf1 src/ASF/xmega/services/pwm/pwm.o
 .debug_macro   0x00006800       0x34 src/ASF/xmega/services/pwm/pwm.o
 .debug_macro   0x00006834       0x10 src/ASF/xmega/services/pwm/pwm.o
 .debug_macro   0x00006844       0x18 src/ASF/xmega/services/pwm/pwm.o
 .debug_macro   0x0000685c       0x5e src/ASF/xmega/services/pwm/pwm.o
 .debug_macro   0x000068ba       0x10 src/ASF/xmega/services/pwm/pwm.o
 .debug_macro   0x000068ca       0x22 src/ASF/xmega/services/pwm/pwm.o
 .debug_macro   0x000068ec      0x166 src/ASF/xmega/services/pwm/pwm.o
 .debug_macro   0x00006a52       0x1c src/ASF/xmega/services/pwm/pwm.o
 .debug_macro   0x00006a6e       0x35 src/ASF/xmega/services/pwm/pwm.o
 .debug_macro   0x00006aa3       0x66 src/ASF/xmega/services/pwm/pwm.o
 .debug_macro   0x00006b09      0x644 src/ASF/xmega/services/pwm/pwm.o
 .debug_macro   0x0000714d       0x97 src/ASF/xmega/services/pwm/pwm.o
 .debug_macro   0x000071e4       0x17 src/ASF/xmega/services/pwm/pwm.o
 .debug_macro   0x000071fb      0x250 src/ASF/xmega/services/pwm/pwm.o
 .debug_macro   0x0000744b       0x76 src/ASF/xmega/services/pwm/pwm.o
 .debug_macro   0x000074c1       0x16 src/ASF/xmega/services/pwm/pwm.o
 .debug_macro   0x000074d7      0x6e3 src/ASF/xmega/services/pwm/pwm.o
 .debug_macro   0x00007bba       0x10 src/ASF/xmega/services/pwm/pwm.o
 .debug_macro   0x00007bca      0x175 src/ASF/xmega/services/pwm/pwm.o
 .debug_macro   0x00007d3f       0x40 src/ASF/xmega/services/pwm/pwm.o
 .debug_macro   0x00007d7f       0x69 src/ASF/xmega/services/pwm/pwm.o
 .debug_macro   0x00007de8       0x32 src/ASF/xmega/services/pwm/pwm.o
 .debug_macro   0x00007e1a       0xe4 src/ASF/xmega/services/pwm/pwm.o
 .debug_macro   0x00007efe       0x10 src/ASF/xmega/services/pwm/pwm.o
 .debug_macro   0x00007f0e       0x20 src/ASF/xmega/services/pwm/pwm.o
 .debug_macro   0x00007f2e       0x10 src/ASF/xmega/services/pwm/pwm.o
 .debug_macro   0x00007f3e       0x5e src/ASF/xmega/services/pwm/pwm.o
 .debug_macro   0x00007f9c       0x3a src/ASF/xmega/services/pwm/pwm.o
 .debug_macro   0x00007fd6      0x2a3 src/ASF/xmega/services/pwm/pwm.o
 .debug_macro   0x00008279       0x68 src/ASF/xmega/services/pwm/pwm.o
 .debug_macro   0x000082e1       0x2f src/ASF/xmega/services/pwm/pwm.o
 .debug_macro   0x00008310      0x154 src/ASF/xmega/services/pwm/pwm.o
 .debug_macro   0x00008464       0xe3 src/ASF/xmega/services/pwm/pwm.o
 .debug_macro   0x00008547       0x34 src/ASF/xmega/services/pwm/pwm.o
 .debug_macro   0x0000857b       0x56 src/ASF/xmega/services/pwm/pwm.o
 .debug_macro   0x000085d1       0x28 src/ASF/xmega/services/pwm/pwm.o
 .debug_macro   0x000085f9       0x23 src/ASF/xmega/services/pwm/pwm.o
 .debug_macro   0x0000861c       0x7c src/ASF/xmega/services/pwm/pwm.o
 .debug_macro   0x00008698       0x12 src/ASF/xmega/services/pwm/pwm.o
 .debug_macro   0x000086aa       0x3a src/ASF/xmega/services/pwm/pwm.o
 .debug_macro   0x000086e4      0x2ce src/time_timer.o
 .debug_macro   0x000089b2       0x10 src/time_timer.o
 .debug_macro   0x000089c2       0x1d src/time_timer.o
 .debug_macro   0x000089df      0x2c5 src/ASF/common/boards/user_board/init.o
 .debug_macro   0x00008ca4      0x1e6 src/ASF/common/services/clock/xmega/sysclk.o
 .debug_macro   0x00008e8a       0x26 src/ASF/common/services/clock/xmega/sysclk.o
 .debug_macro   0x00008eb0      0x1a3 src/ASF/common/services/sleepmgr/xmega/sleepmgr.o
 .debug_macro   0x00009053      0x23a src/ASF/xmega/drivers/adc/adc.o
 .debug_macro   0x0000928d      0x23a src/ASF/xmega/drivers/adc/xmega_aau/adc_aau.o
 .debug_macro   0x000094c7      0x230 src/ASF/xmega/drivers/tc/tc.o
 .debug_macro   0x000096f7      0x299 src/ASF/xmega/drivers/tc/tc.o
 .debug_macro   0x00009990      0x219 src/ASF/xmega/drivers/usart/usart.o
 .debug_macro   0x00009ba9       0x34 src/ASF/xmega/drivers/usart/usart.o
 .debug_macro   0x00009bdd      0x328 src/main.o
 .debug_macro   0x00009f05      0xa5a src/main.o
 .debug_macro   0x0000a95f      0x1c9 src/main.o
 .debug_macro   0x0000ab28      0x2fc src/main.o
 .debug_macro   0x0000ae24     0x5623 src/main.o
 .debug_macro   0x00010447       0x34 src/main.o
 .debug_macro   0x0001047b       0x10 src/main.o
 .debug_macro   0x0001048b       0x5e src/main.o
 .debug_macro   0x000104e9       0x1c src/main.o
 .debug_macro   0x00010505       0x66 src/main.o
 .debug_macro   0x0001056b       0x10 src/main.o
 .debug_macro   0x0001057b      0x175 src/main.o
 .debug_macro   0x000106f0       0x42 src/main.o
OUTPUT(LiPoChecker.elf elf32-avr)
LOAD linker stubs
